Generated 300 cases in tests/generated_integer_stress.S with seed 12690772
=================================================================
Running MODE=p TEST=./tests/baseline_add.S
=================================================================
-------------------------------------------------------------------------
Compiling ./tests/baseline_add.S
MODE = p
-------------------------------------------------------------------------
mkdir -p /home/vsysuser/workspace/hackathon-desanv01/level4/work/p/baseline_add
rm -rf /home/vsysuser/workspace/hackathon-desanv01/level4/work/p/baseline_add/*
riscv64-unknown-elf-gcc -march=rv64imafdczicsr_zifencei -mabi=lp64 -static -mcmodel=medany -fvisibility=hidden -nostdlib -nostartfiles -DENTROPY=0x9629af2 -std=gnu99 -O2 -I/home/vsysuser/workspace/hackathon-desanv01/level4/env -T/home/vsysuser/workspace/hackathon-desanv01/level4/env/link.ld \
 \
tests/baseline_add.S \
-o /home/vsysuser/workspace/hackathon-desanv01/level4/work/p/baseline_add/baseline_add.elf
-------------------------------------------------------------------------
Disassembly Generation
-------------------------------------------------------------------------
riscv64-unknown-elf-objdump --disassemble-all --disassemble-zeroes \
	--section=.text --section=.text.startup --section=.text.init --section=.data \
	/home/vsysuser/workspace/hackathon-desanv01/level4/work/p/baseline_add/baseline_add.elf > /home/vsysuser/workspace/hackathon-desanv01/level4/work/p/baseline_add/baseline_add.disass
-------------------------------------------------------------------------
Running on Spike
-------------------------------------------------------------------------
timeout --foreground 10s spike --log-commits --log /home/vsysuser/workspace/hackathon-desanv01/level4/work/p/baseline_add/baseline_add.dump \
	--isa=rv64gcZicsr_Zifencei \
	+signature=/home/vsysuser/workspace/hackathon-desanv01/level4/work/p/baseline_add/spike_signature.txt \
	+signature-granularity=4 /home/vsysuser/workspace/hackathon-desanv01/level4/work/p/baseline_add/baseline_add.elf
-------------------------------------------------------------------------
Running Tests on C-CLASS 
-------------------------------------------------------------------------
Copying design files from /home/vsysuser/workspace/riscv-desanv01/cclass_bin
cp -r "/home/vsysuser/workspace/riscv-desanv01/cclass_bin"/. /home/vsysuser/workspace/hackathon-desanv01/level4/work/p/baseline_add/
elf2hex  8  4194304  /home/vsysuser/workspace/hackathon-desanv01/level4/work/p/baseline_add/baseline_add.elf 2147483648 > /home/vsysuser/workspace/hackathon-desanv01/level4/work/p/baseline_add/code.mem
cd /home/vsysuser/workspace/hackathon-desanv01/level4/work/p/baseline_add && \
timeout --foreground 60s ./out +rtldump
%Warning: code.mem:4194304: $readmem file ended before specified final address (IEEE 1800-2023 21.4)
- build/hw/verilog/mksign_dump.v:1148: Verilog $finish
-------------------------------------------------------------------------
RTL RUN COMPLETED
-------------------------------------------------------------------------
-------------------------------------------------------------------------
Comparing Spike and RTL Dumps
-------------------------------------------------------------------------
PASS : Spike and RTL match
-------------------------------------------------------------------------
VERIFICATION COMPLETED SUCCESSFULLY
-------------------------------------------------------------------------
PASS: Spike and RTL matched for p/baseline_add
=================================================================
Running MODE=p TEST=./tests/alu_word_edge.S
=================================================================
-------------------------------------------------------------------------
Compiling ./tests/alu_word_edge.S
MODE = p
-------------------------------------------------------------------------
mkdir -p /home/vsysuser/workspace/hackathon-desanv01/level4/work/p/alu_word_edge
rm -rf /home/vsysuser/workspace/hackathon-desanv01/level4/work/p/alu_word_edge/*
riscv64-unknown-elf-gcc -march=rv64imafdczicsr_zifencei -mabi=lp64 -static -mcmodel=medany -fvisibility=hidden -nostdlib -nostartfiles -DENTROPY=0x9629af2 -std=gnu99 -O2 -I/home/vsysuser/workspace/hackathon-desanv01/level4/env -T/home/vsysuser/workspace/hackathon-desanv01/level4/env/link.ld \
 \
tests/alu_word_edge.S \
-o /home/vsysuser/workspace/hackathon-desanv01/level4/work/p/alu_word_edge/alu_word_edge.elf
-------------------------------------------------------------------------
Disassembly Generation
-------------------------------------------------------------------------
riscv64-unknown-elf-objdump --disassemble-all --disassemble-zeroes \
	--section=.text --section=.text.startup --section=.text.init --section=.data \
	/home/vsysuser/workspace/hackathon-desanv01/level4/work/p/alu_word_edge/alu_word_edge.elf > /home/vsysuser/workspace/hackathon-desanv01/level4/work/p/alu_word_edge/alu_word_edge.disass
-------------------------------------------------------------------------
Running on Spike
-------------------------------------------------------------------------
timeout --foreground 10s spike --log-commits --log /home/vsysuser/workspace/hackathon-desanv01/level4/work/p/alu_word_edge/alu_word_edge.dump \
	--isa=rv64gcZicsr_Zifencei \
	+signature=/home/vsysuser/workspace/hackathon-desanv01/level4/work/p/alu_word_edge/spike_signature.txt \
	+signature-granularity=4 /home/vsysuser/workspace/hackathon-desanv01/level4/work/p/alu_word_edge/alu_word_edge.elf
-------------------------------------------------------------------------
Running Tests on C-CLASS 
-------------------------------------------------------------------------
Copying design files from /home/vsysuser/workspace/riscv-desanv01/cclass_bin
cp -r "/home/vsysuser/workspace/riscv-desanv01/cclass_bin"/. /home/vsysuser/workspace/hackathon-desanv01/level4/work/p/alu_word_edge/
elf2hex  8  4194304  /home/vsysuser/workspace/hackathon-desanv01/level4/work/p/alu_word_edge/alu_word_edge.elf 2147483648 > /home/vsysuser/workspace/hackathon-desanv01/level4/work/p/alu_word_edge/code.mem
cd /home/vsysuser/workspace/hackathon-desanv01/level4/work/p/alu_word_edge && \
timeout --foreground 60s ./out +rtldump
%Warning: code.mem:4194304: $readmem file ended before specified final address (IEEE 1800-2023 21.4)
- build/hw/verilog/mksign_dump.v:1148: Verilog $finish
-------------------------------------------------------------------------
RTL RUN COMPLETED
-------------------------------------------------------------------------
-------------------------------------------------------------------------
Comparing Spike and RTL Dumps
-------------------------------------------------------------------------
PASS : Spike and RTL match
-------------------------------------------------------------------------
VERIFICATION COMPLETED SUCCESSFULLY
-------------------------------------------------------------------------
PASS: Spike and RTL matched for p/alu_word_edge
=================================================================
Running MODE=p TEST=./tests/branch_hazard.S
=================================================================
-------------------------------------------------------------------------
Compiling ./tests/branch_hazard.S
MODE = p
-------------------------------------------------------------------------
mkdir -p /home/vsysuser/workspace/hackathon-desanv01/level4/work/p/branch_hazard
rm -rf /home/vsysuser/workspace/hackathon-desanv01/level4/work/p/branch_hazard/*
riscv64-unknown-elf-gcc -march=rv64imafdczicsr_zifencei -mabi=lp64 -static -mcmodel=medany -fvisibility=hidden -nostdlib -nostartfiles -DENTROPY=0x9629af2 -std=gnu99 -O2 -I/home/vsysuser/workspace/hackathon-desanv01/level4/env -T/home/vsysuser/workspace/hackathon-desanv01/level4/env/link.ld \
 \
tests/branch_hazard.S \
-o /home/vsysuser/workspace/hackathon-desanv01/level4/work/p/branch_hazard/branch_hazard.elf
-------------------------------------------------------------------------
Disassembly Generation
-------------------------------------------------------------------------
riscv64-unknown-elf-objdump --disassemble-all --disassemble-zeroes \
	--section=.text --section=.text.startup --section=.text.init --section=.data \
	/home/vsysuser/workspace/hackathon-desanv01/level4/work/p/branch_hazard/branch_hazard.elf > /home/vsysuser/workspace/hackathon-desanv01/level4/work/p/branch_hazard/branch_hazard.disass
-------------------------------------------------------------------------
Running on Spike
-------------------------------------------------------------------------
timeout --foreground 10s spike --log-commits --log /home/vsysuser/workspace/hackathon-desanv01/level4/work/p/branch_hazard/branch_hazard.dump \
	--isa=rv64gcZicsr_Zifencei \
	+signature=/home/vsysuser/workspace/hackathon-desanv01/level4/work/p/branch_hazard/spike_signature.txt \
	+signature-granularity=4 /home/vsysuser/workspace/hackathon-desanv01/level4/work/p/branch_hazard/branch_hazard.elf
-------------------------------------------------------------------------
Running Tests on C-CLASS 
-------------------------------------------------------------------------
Copying design files from /home/vsysuser/workspace/riscv-desanv01/cclass_bin
cp -r "/home/vsysuser/workspace/riscv-desanv01/cclass_bin"/. /home/vsysuser/workspace/hackathon-desanv01/level4/work/p/branch_hazard/
elf2hex  8  4194304  /home/vsysuser/workspace/hackathon-desanv01/level4/work/p/branch_hazard/branch_hazard.elf 2147483648 > /home/vsysuser/workspace/hackathon-desanv01/level4/work/p/branch_hazard/code.mem
cd /home/vsysuser/workspace/hackathon-desanv01/level4/work/p/branch_hazard && \
timeout --foreground 60s ./out +rtldump
%Warning: code.mem:4194304: $readmem file ended before specified final address (IEEE 1800-2023 21.4)
- build/hw/verilog/mksign_dump.v:1148: Verilog $finish
-------------------------------------------------------------------------
RTL RUN COMPLETED
-------------------------------------------------------------------------
-------------------------------------------------------------------------
Comparing Spike and RTL Dumps
-------------------------------------------------------------------------
PASS : Spike and RTL match
-------------------------------------------------------------------------
VERIFICATION COMPLETED SUCCESSFULLY
-------------------------------------------------------------------------
PASS: Spike and RTL matched for p/branch_hazard
=================================================================
Running MODE=p TEST=./tests/load_store_edge.S
=================================================================
-------------------------------------------------------------------------
Compiling ./tests/load_store_edge.S
MODE = p
-------------------------------------------------------------------------
mkdir -p /home/vsysuser/workspace/hackathon-desanv01/level4/work/p/load_store_edge
rm -rf /home/vsysuser/workspace/hackathon-desanv01/level4/work/p/load_store_edge/*
riscv64-unknown-elf-gcc -march=rv64imafdczicsr_zifencei -mabi=lp64 -static -mcmodel=medany -fvisibility=hidden -nostdlib -nostartfiles -DENTROPY=0x9629af2 -std=gnu99 -O2 -I/home/vsysuser/workspace/hackathon-desanv01/level4/env -T/home/vsysuser/workspace/hackathon-desanv01/level4/env/link.ld \
 \
tests/load_store_edge.S \
-o /home/vsysuser/workspace/hackathon-desanv01/level4/work/p/load_store_edge/load_store_edge.elf
-------------------------------------------------------------------------
Disassembly Generation
-------------------------------------------------------------------------
riscv64-unknown-elf-objdump --disassemble-all --disassemble-zeroes \
	--section=.text --section=.text.startup --section=.text.init --section=.data \
	/home/vsysuser/workspace/hackathon-desanv01/level4/work/p/load_store_edge/load_store_edge.elf > /home/vsysuser/workspace/hackathon-desanv01/level4/work/p/load_store_edge/load_store_edge.disass
-------------------------------------------------------------------------
Running on Spike
-------------------------------------------------------------------------
timeout --foreground 10s spike --log-commits --log /home/vsysuser/workspace/hackathon-desanv01/level4/work/p/load_store_edge/load_store_edge.dump \
	--isa=rv64gcZicsr_Zifencei \
	+signature=/home/vsysuser/workspace/hackathon-desanv01/level4/work/p/load_store_edge/spike_signature.txt \
	+signature-granularity=4 /home/vsysuser/workspace/hackathon-desanv01/level4/work/p/load_store_edge/load_store_edge.elf
-------------------------------------------------------------------------
Running Tests on C-CLASS 
-------------------------------------------------------------------------
Copying design files from /home/vsysuser/workspace/riscv-desanv01/cclass_bin
cp -r "/home/vsysuser/workspace/riscv-desanv01/cclass_bin"/. /home/vsysuser/workspace/hackathon-desanv01/level4/work/p/load_store_edge/
elf2hex  8  4194304  /home/vsysuser/workspace/hackathon-desanv01/level4/work/p/load_store_edge/load_store_edge.elf 2147483648 > /home/vsysuser/workspace/hackathon-desanv01/level4/work/p/load_store_edge/code.mem
cd /home/vsysuser/workspace/hackathon-desanv01/level4/work/p/load_store_edge && \
timeout --foreground 60s ./out +rtldump
%Warning: code.mem:4194304: $readmem file ended before specified final address (IEEE 1800-2023 21.4)
- build/hw/verilog/mksign_dump.v:1148: Verilog $finish
-------------------------------------------------------------------------
RTL RUN COMPLETED
-------------------------------------------------------------------------
-------------------------------------------------------------------------
Comparing Spike and RTL Dumps
-------------------------------------------------------------------------
PASS : Spike and RTL match
-------------------------------------------------------------------------
VERIFICATION COMPLETED SUCCESSFULLY
-------------------------------------------------------------------------
PASS: Spike and RTL matched for p/load_store_edge
=================================================================
Running MODE=p TEST=./tests/mul_div_edge.S
=================================================================
-------------------------------------------------------------------------
Compiling ./tests/mul_div_edge.S
MODE = p
-------------------------------------------------------------------------
mkdir -p /home/vsysuser/workspace/hackathon-desanv01/level4/work/p/mul_div_edge
rm -rf /home/vsysuser/workspace/hackathon-desanv01/level4/work/p/mul_div_edge/*
riscv64-unknown-elf-gcc -march=rv64imafdczicsr_zifencei -mabi=lp64 -static -mcmodel=medany -fvisibility=hidden -nostdlib -nostartfiles -DENTROPY=0x9629af2 -std=gnu99 -O2 -I/home/vsysuser/workspace/hackathon-desanv01/level4/env -T/home/vsysuser/workspace/hackathon-desanv01/level4/env/link.ld \
 \
tests/mul_div_edge.S \
-o /home/vsysuser/workspace/hackathon-desanv01/level4/work/p/mul_div_edge/mul_div_edge.elf
-------------------------------------------------------------------------
Disassembly Generation
-------------------------------------------------------------------------
riscv64-unknown-elf-objdump --disassemble-all --disassemble-zeroes \
	--section=.text --section=.text.startup --section=.text.init --section=.data \
	/home/vsysuser/workspace/hackathon-desanv01/level4/work/p/mul_div_edge/mul_div_edge.elf > /home/vsysuser/workspace/hackathon-desanv01/level4/work/p/mul_div_edge/mul_div_edge.disass
-------------------------------------------------------------------------
Running on Spike
-------------------------------------------------------------------------
timeout --foreground 10s spike --log-commits --log /home/vsysuser/workspace/hackathon-desanv01/level4/work/p/mul_div_edge/mul_div_edge.dump \
	--isa=rv64gcZicsr_Zifencei \
	+signature=/home/vsysuser/workspace/hackathon-desanv01/level4/work/p/mul_div_edge/spike_signature.txt \
	+signature-granularity=4 /home/vsysuser/workspace/hackathon-desanv01/level4/work/p/mul_div_edge/mul_div_edge.elf
-------------------------------------------------------------------------
Running Tests on C-CLASS 
-------------------------------------------------------------------------
Copying design files from /home/vsysuser/workspace/riscv-desanv01/cclass_bin
cp -r "/home/vsysuser/workspace/riscv-desanv01/cclass_bin"/. /home/vsysuser/workspace/hackathon-desanv01/level4/work/p/mul_div_edge/
elf2hex  8  4194304  /home/vsysuser/workspace/hackathon-desanv01/level4/work/p/mul_div_edge/mul_div_edge.elf 2147483648 > /home/vsysuser/workspace/hackathon-desanv01/level4/work/p/mul_div_edge/code.mem
cd /home/vsysuser/workspace/hackathon-desanv01/level4/work/p/mul_div_edge && \
timeout --foreground 60s ./out +rtldump
%Warning: code.mem:4194304: $readmem file ended before specified final address (IEEE 1800-2023 21.4)
- build/hw/verilog/mksign_dump.v:1148: Verilog $finish
-------------------------------------------------------------------------
RTL RUN COMPLETED
-------------------------------------------------------------------------
-------------------------------------------------------------------------
Comparing Spike and RTL Dumps
-------------------------------------------------------------------------
PASS : Spike and RTL match
-------------------------------------------------------------------------
VERIFICATION COMPLETED SUCCESSFULLY
-------------------------------------------------------------------------
PASS: Spike and RTL matched for p/mul_div_edge
=================================================================
Running MODE=p TEST=./tests/atomic_edge.S
=================================================================
-------------------------------------------------------------------------
Compiling ./tests/atomic_edge.S
MODE = p
-------------------------------------------------------------------------
mkdir -p /home/vsysuser/workspace/hackathon-desanv01/level4/work/p/atomic_edge
rm -rf /home/vsysuser/workspace/hackathon-desanv01/level4/work/p/atomic_edge/*
riscv64-unknown-elf-gcc -march=rv64imafdczicsr_zifencei -mabi=lp64 -static -mcmodel=medany -fvisibility=hidden -nostdlib -nostartfiles -DENTROPY=0x9629af2 -std=gnu99 -O2 -I/home/vsysuser/workspace/hackathon-desanv01/level4/env -T/home/vsysuser/workspace/hackathon-desanv01/level4/env/link.ld \
 \
tests/atomic_edge.S \
-o /home/vsysuser/workspace/hackathon-desanv01/level4/work/p/atomic_edge/atomic_edge.elf
-------------------------------------------------------------------------
Disassembly Generation
-------------------------------------------------------------------------
riscv64-unknown-elf-objdump --disassemble-all --disassemble-zeroes \
	--section=.text --section=.text.startup --section=.text.init --section=.data \
	/home/vsysuser/workspace/hackathon-desanv01/level4/work/p/atomic_edge/atomic_edge.elf > /home/vsysuser/workspace/hackathon-desanv01/level4/work/p/atomic_edge/atomic_edge.disass
-------------------------------------------------------------------------
Running on Spike
-------------------------------------------------------------------------
timeout --foreground 10s spike --log-commits --log /home/vsysuser/workspace/hackathon-desanv01/level4/work/p/atomic_edge/atomic_edge.dump \
	--isa=rv64gcZicsr_Zifencei \
	+signature=/home/vsysuser/workspace/hackathon-desanv01/level4/work/p/atomic_edge/spike_signature.txt \
	+signature-granularity=4 /home/vsysuser/workspace/hackathon-desanv01/level4/work/p/atomic_edge/atomic_edge.elf
-------------------------------------------------------------------------
Running Tests on C-CLASS 
-------------------------------------------------------------------------
Copying design files from /home/vsysuser/workspace/riscv-desanv01/cclass_bin
cp -r "/home/vsysuser/workspace/riscv-desanv01/cclass_bin"/. /home/vsysuser/workspace/hackathon-desanv01/level4/work/p/atomic_edge/
elf2hex  8  4194304  /home/vsysuser/workspace/hackathon-desanv01/level4/work/p/atomic_edge/atomic_edge.elf 2147483648 > /home/vsysuser/workspace/hackathon-desanv01/level4/work/p/atomic_edge/code.mem
cd /home/vsysuser/workspace/hackathon-desanv01/level4/work/p/atomic_edge && \
timeout --foreground 60s ./out +rtldump
%Warning: code.mem:4194304: $readmem file ended before specified final address (IEEE 1800-2023 21.4)
- build/hw/verilog/mksign_dump.v:1148: Verilog $finish
-------------------------------------------------------------------------
RTL RUN COMPLETED
-------------------------------------------------------------------------
-------------------------------------------------------------------------
Comparing Spike and RTL Dumps
-------------------------------------------------------------------------
PASS : Spike and RTL match
-------------------------------------------------------------------------
VERIFICATION COMPLETED SUCCESSFULLY
-------------------------------------------------------------------------
PASS: Spike and RTL matched for p/atomic_edge
=================================================================
Running MODE=p TEST=./tests/csr_hazard.S
=================================================================
-------------------------------------------------------------------------
Compiling ./tests/csr_hazard.S
MODE = p
-------------------------------------------------------------------------
mkdir -p /home/vsysuser/workspace/hackathon-desanv01/level4/work/p/csr_hazard
rm -rf /home/vsysuser/workspace/hackathon-desanv01/level4/work/p/csr_hazard/*
riscv64-unknown-elf-gcc -march=rv64imafdczicsr_zifencei -mabi=lp64 -static -mcmodel=medany -fvisibility=hidden -nostdlib -nostartfiles -DENTROPY=0x9629af2 -std=gnu99 -O2 -I/home/vsysuser/workspace/hackathon-desanv01/level4/env -T/home/vsysuser/workspace/hackathon-desanv01/level4/env/link.ld \
 \
tests/csr_hazard.S \
-o /home/vsysuser/workspace/hackathon-desanv01/level4/work/p/csr_hazard/csr_hazard.elf
-------------------------------------------------------------------------
Disassembly Generation
-------------------------------------------------------------------------
riscv64-unknown-elf-objdump --disassemble-all --disassemble-zeroes \
	--section=.text --section=.text.startup --section=.text.init --section=.data \
	/home/vsysuser/workspace/hackathon-desanv01/level4/work/p/csr_hazard/csr_hazard.elf > /home/vsysuser/workspace/hackathon-desanv01/level4/work/p/csr_hazard/csr_hazard.disass
-------------------------------------------------------------------------
Running on Spike
-------------------------------------------------------------------------
timeout --foreground 10s spike --log-commits --log /home/vsysuser/workspace/hackathon-desanv01/level4/work/p/csr_hazard/csr_hazard.dump \
	--isa=rv64gcZicsr_Zifencei \
	+signature=/home/vsysuser/workspace/hackathon-desanv01/level4/work/p/csr_hazard/spike_signature.txt \
	+signature-granularity=4 /home/vsysuser/workspace/hackathon-desanv01/level4/work/p/csr_hazard/csr_hazard.elf
-------------------------------------------------------------------------
Running Tests on C-CLASS 
-------------------------------------------------------------------------
Copying design files from /home/vsysuser/workspace/riscv-desanv01/cclass_bin
cp -r "/home/vsysuser/workspace/riscv-desanv01/cclass_bin"/. /home/vsysuser/workspace/hackathon-desanv01/level4/work/p/csr_hazard/
elf2hex  8  4194304  /home/vsysuser/workspace/hackathon-desanv01/level4/work/p/csr_hazard/csr_hazard.elf 2147483648 > /home/vsysuser/workspace/hackathon-desanv01/level4/work/p/csr_hazard/code.mem
cd /home/vsysuser/workspace/hackathon-desanv01/level4/work/p/csr_hazard && \
timeout --foreground 60s ./out +rtldump
%Warning: code.mem:4194304: $readmem file ended before specified final address (IEEE 1800-2023 21.4)
- build/hw/verilog/mksign_dump.v:1148: Verilog $finish
-------------------------------------------------------------------------
RTL RUN COMPLETED
-------------------------------------------------------------------------
-------------------------------------------------------------------------
Comparing Spike and RTL Dumps
-------------------------------------------------------------------------
PASS : Spike and RTL match
-------------------------------------------------------------------------
VERIFICATION COMPLETED SUCCESSFULLY
-------------------------------------------------------------------------
PASS: Spike and RTL matched for p/csr_hazard
=================================================================
Running MODE=p TEST=./tests/compressed_edge.S
=================================================================
-------------------------------------------------------------------------
Compiling ./tests/compressed_edge.S
MODE = p
-------------------------------------------------------------------------
mkdir -p /home/vsysuser/workspace/hackathon-desanv01/level4/work/p/compressed_edge
rm -rf /home/vsysuser/workspace/hackathon-desanv01/level4/work/p/compressed_edge/*
riscv64-unknown-elf-gcc -march=rv64imafdczicsr_zifencei -mabi=lp64 -static -mcmodel=medany -fvisibility=hidden -nostdlib -nostartfiles -DENTROPY=0x9629af2 -std=gnu99 -O2 -I/home/vsysuser/workspace/hackathon-desanv01/level4/env -T/home/vsysuser/workspace/hackathon-desanv01/level4/env/link.ld \
 \
tests/compressed_edge.S \
-o /home/vsysuser/workspace/hackathon-desanv01/level4/work/p/compressed_edge/compressed_edge.elf
-------------------------------------------------------------------------
Disassembly Generation
-------------------------------------------------------------------------
riscv64-unknown-elf-objdump --disassemble-all --disassemble-zeroes \
	--section=.text --section=.text.startup --section=.text.init --section=.data \
	/home/vsysuser/workspace/hackathon-desanv01/level4/work/p/compressed_edge/compressed_edge.elf > /home/vsysuser/workspace/hackathon-desanv01/level4/work/p/compressed_edge/compressed_edge.disass
-------------------------------------------------------------------------
Running on Spike
-------------------------------------------------------------------------
timeout --foreground 10s spike --log-commits --log /home/vsysuser/workspace/hackathon-desanv01/level4/work/p/compressed_edge/compressed_edge.dump \
	--isa=rv64gcZicsr_Zifencei \
	+signature=/home/vsysuser/workspace/hackathon-desanv01/level4/work/p/compressed_edge/spike_signature.txt \
	+signature-granularity=4 /home/vsysuser/workspace/hackathon-desanv01/level4/work/p/compressed_edge/compressed_edge.elf
-------------------------------------------------------------------------
Running Tests on C-CLASS 
-------------------------------------------------------------------------
Copying design files from /home/vsysuser/workspace/riscv-desanv01/cclass_bin
cp -r "/home/vsysuser/workspace/riscv-desanv01/cclass_bin"/. /home/vsysuser/workspace/hackathon-desanv01/level4/work/p/compressed_edge/
elf2hex  8  4194304  /home/vsysuser/workspace/hackathon-desanv01/level4/work/p/compressed_edge/compressed_edge.elf 2147483648 > /home/vsysuser/workspace/hackathon-desanv01/level4/work/p/compressed_edge/code.mem
cd /home/vsysuser/workspace/hackathon-desanv01/level4/work/p/compressed_edge && \
timeout --foreground 60s ./out +rtldump
%Warning: code.mem:4194304: $readmem file ended before specified final address (IEEE 1800-2023 21.4)
- build/hw/verilog/mksign_dump.v:1148: Verilog $finish
-------------------------------------------------------------------------
RTL RUN COMPLETED
-------------------------------------------------------------------------
-------------------------------------------------------------------------
Comparing Spike and RTL Dumps
-------------------------------------------------------------------------
PASS : Spike and RTL match
-------------------------------------------------------------------------
VERIFICATION COMPLETED SUCCESSFULLY
-------------------------------------------------------------------------
PASS: Spike and RTL matched for p/compressed_edge
=================================================================
Running MODE=p TEST=./tests/fp_edge.S
=================================================================
-------------------------------------------------------------------------
Compiling ./tests/fp_edge.S
MODE = p
-------------------------------------------------------------------------
mkdir -p /home/vsysuser/workspace/hackathon-desanv01/level4/work/p/fp_edge
rm -rf /home/vsysuser/workspace/hackathon-desanv01/level4/work/p/fp_edge/*
riscv64-unknown-elf-gcc -march=rv64imafdczicsr_zifencei -mabi=lp64 -static -mcmodel=medany -fvisibility=hidden -nostdlib -nostartfiles -DENTROPY=0x9629af2 -std=gnu99 -O2 -I/home/vsysuser/workspace/hackathon-desanv01/level4/env -T/home/vsysuser/workspace/hackathon-desanv01/level4/env/link.ld \
 \
tests/fp_edge.S \
-o /home/vsysuser/workspace/hackathon-desanv01/level4/work/p/fp_edge/fp_edge.elf
-------------------------------------------------------------------------
Disassembly Generation
-------------------------------------------------------------------------
riscv64-unknown-elf-objdump --disassemble-all --disassemble-zeroes \
	--section=.text --section=.text.startup --section=.text.init --section=.data \
	/home/vsysuser/workspace/hackathon-desanv01/level4/work/p/fp_edge/fp_edge.elf > /home/vsysuser/workspace/hackathon-desanv01/level4/work/p/fp_edge/fp_edge.disass
-------------------------------------------------------------------------
Running on Spike
-------------------------------------------------------------------------
timeout --foreground 10s spike --log-commits --log /home/vsysuser/workspace/hackathon-desanv01/level4/work/p/fp_edge/fp_edge.dump \
	--isa=rv64gcZicsr_Zifencei \
	+signature=/home/vsysuser/workspace/hackathon-desanv01/level4/work/p/fp_edge/spike_signature.txt \
	+signature-granularity=4 /home/vsysuser/workspace/hackathon-desanv01/level4/work/p/fp_edge/fp_edge.elf
-------------------------------------------------------------------------
Running Tests on C-CLASS 
-------------------------------------------------------------------------
Copying design files from /home/vsysuser/workspace/riscv-desanv01/cclass_bin
cp -r "/home/vsysuser/workspace/riscv-desanv01/cclass_bin"/. /home/vsysuser/workspace/hackathon-desanv01/level4/work/p/fp_edge/
elf2hex  8  4194304  /home/vsysuser/workspace/hackathon-desanv01/level4/work/p/fp_edge/fp_edge.elf 2147483648 > /home/vsysuser/workspace/hackathon-desanv01/level4/work/p/fp_edge/code.mem
cd /home/vsysuser/workspace/hackathon-desanv01/level4/work/p/fp_edge && \
timeout --foreground 60s ./out +rtldump
%Warning: code.mem:4194304: $readmem file ended before specified final address (IEEE 1800-2023 21.4)
- build/hw/verilog/mksign_dump.v:1148: Verilog $finish
-------------------------------------------------------------------------
RTL RUN COMPLETED
-------------------------------------------------------------------------
-------------------------------------------------------------------------
Comparing Spike and RTL Dumps
-------------------------------------------------------------------------
FAIL : Spike and RTL mismatch
See /home/vsysuser/workspace/hackathon-desanv01/level4/work/p/fp_edge/dump.diff
make[1]: *** [Makefile:160: compare] Error 1
make: *** [Makefile:197: run_verif] Error 2
BUG CAPTURED: Spike and RTL differ
Diff: work/p/fp_edge/dump.diff
--- /home/vsysuser/workspace/hackathon-desanv01/level4/work/p/fp_edge/fp_edge.dump	2026-07-21 03:28:32.633368972 +0000
+++ /home/vsysuser/workspace/hackathon-desanv01/level4/work/p/fp_edge/rtl.normalized.dump	2026-07-21 03:28:42.426474819 +0000
@@ -62,7 +62,7 @@
 core   0: 3 0x0000000080000120 (0x30005073) c768_mstatus 0x0000000a00000000
 core   0: 3 0x0000000080000124 (0x6509) x10 0x0000000000002000
 core   0: 3 0x0000000080000126 (0x30052073) c768_mstatus 0x0000000a00002000
-core   0: 3 0x000000008000012a (0x00305073) c2_frm 0x0000000000000000 c1_fflags 0x0000000000000000 c768_mstatus 0x8000000a00006000
+core   0: 3 0x000000008000012a (0x00305073) c1_fflags 0x0000000000000000 c2_frm 0x0000000000000000 c768_mstatus 0x8000000a00006000
 core   0: 3 0x000000008000012e (0x00000297) x5  0x000000008000012e
 core   0: 3 0x0000000080000132 (0x01428293) x5  0x0000000080000142
 core   0: 3 0x0000000080000136 (0x34129073) c833_mepc 0x0000000080000142
Stopped at first failure so the evidence remains focused.
mode,test,status,diff
p,baseline_add,PASS,
p,alu_word_edge,PASS,
p,branch_hazard,PASS,
p,load_store_edge,PASS,
p,mul_div_edge,PASS,
p,atomic_edge,PASS,
p,csr_hazard,PASS,
p,compressed_edge,PASS,
p,fp_edge,MISMATCH,work/p/fp_edge/dump.diff
