rm -f results.xml
"make" -f Makefile results.xml
make[1]: Entering directory '/home/vsysuser/workspace/hackathon-desanv01/level3/mbox_verif'
mkdir -p sim_build
/usr/bin/iverilog -o sim_build/sim.vvp -s mk_non_restoring_divider -g2012 -f sim_build/cmds.f -s cocotb_iverilog_dump  /home/vsysuser/workspace/hackathon-desanv01/level3/mbox_verif/../mbox_design/verilog/BRAM2BELoad.v /home/vsysuser/workspace/hackathon-desanv01/level3/mbox_verif/../mbox_design/verilog/ClockInverter.v /home/vsysuser/workspace/hackathon-desanv01/level3/mbox_verif/../mbox_design/verilog/ConstrainedRandom.v /home/vsysuser/workspace/hackathon-desanv01/level3/mbox_verif/../mbox_design/verilog/FIFO1.v /home/vsysuser/workspace/hackathon-desanv01/level3/mbox_verif/../mbox_design/verilog/FIFO10.v /home/vsysuser/workspace/hackathon-desanv01/level3/mbox_verif/../mbox_design/verilog/FIFO2.v /home/vsysuser/workspace/hackathon-desanv01/level3/mbox_verif/../mbox_design/verilog/FIFO20.v /home/vsysuser/workspace/hackathon-desanv01/level3/mbox_verif/../mbox_design/verilog/MakeClock.v /home/vsysuser/workspace/hackathon-desanv01/level3/mbox_verif/../mbox_design/verilog/MakeReset0.v /home/vsysuser/workspace/hackathon-desanv01/level3/mbox_verif/../mbox_design/verilog/ResetEither.v /home/vsysuser/workspace/hackathon-desanv01/level3/mbox_verif/../mbox_design/verilog/SyncFIFO1.v /home/vsysuser/workspace/hackathon-desanv01/level3/mbox_verif/../mbox_design/verilog/SyncReset0.v /home/vsysuser/workspace/hackathon-desanv01/level3/mbox_verif/../mbox_design/verilog/mk_non_restoring_divider.v sim_build/cocotb_iverilog_dump.v
rm -f results.xml
COCOTB_TEST_MODULES=test_divider COCOTB_TESTCASE= COCOTB_TEST_FILTER=.*test_divider_baseline$ COCOTB_TOPLEVEL=mk_non_restoring_divider TOPLEVEL_LANG=verilog \
         /usr/bin/vvp -M /home/vsysuser/.pyenv/versions/3.10.10/envs/uptickpro_rv/lib/python3.10/site-packages/cocotb/libs -m libcocotbvpi_icarus   sim_build/sim.vvp -fst  
     -.--ns INFO     gpi                                ..mbed/gpi_embed.cpp:93   in _embed_init_python              Using Python 3.10.14 interpreter at /home/vsysuser/.pyenv/versions/3.10.10/envs/uptickpro_rv/bin/python
     -.--ns INFO     gpi                                ../gpi/GpiCommon.cpp:79   in gpi_print_registered_impl       VPI registered
     0.00ns INFO     cocotb                             Running on Icarus Verilog version 12.0 (stable)
     0.00ns INFO     cocotb                             Seeding Python random module with 1784596493
     0.00ns INFO     cocotb                             Initialized cocotb v2.0.1 from /home/vsysuser/.pyenv/versions/3.10.10/envs/uptickpro_rv/lib/python3.10/site-packages/cocotb
     0.00ns INFO     cocotb                             Running tests
     0.00ns INFO     cocotb.regression                  running test_divider.test_divider_baseline (1/1)
                                                            Establish that request/result handshakes and basic quotient paths work.
   715.00ns INFO     cocotb.mk_non_restoring_divider    divu dividend=0x0000000000000064 divisor=0x0000000000000007 observed=0x000000000000000e expected=0x000000000000000e
  1405.00ns INFO     cocotb.mk_non_restoring_divider    div_positive dividend=0x0000000000000064 divisor=0x0000000000000007 observed=0x000000000000000e expected=0x000000000000000e
  2095.00ns INFO     cocotb.mk_non_restoring_divider    div_positive_negative dividend=0x0000000000000014 divisor=0xfffffffffffffffd observed=0xfffffffffffffffa expected=0xfffffffffffffffa
  2785.00ns INFO     cocotb.mk_non_restoring_divider    divu_by_zero dividend=0x0000000000000019 divisor=0x0000000000000000 observed=0xffffffffffffffff expected=0xffffffffffffffff
  2785.00ns INFO     cocotb.regression                  test_divider.test_divider_baseline passed
  2785.00ns INFO     cocotb.regression                  ********************************************************************************************
                                                        ** TEST                                STATUS  SIM TIME (ns)  REAL TIME (s)  RATIO (ns/s) **
                                                        ********************************************************************************************
                                                        ** test_divider.test_divider_baseline   PASS        2785.00           0.06      49998.23  **
                                                        ********************************************************************************************
                                                        ** TESTS=1 PASS=1 FAIL=0 SKIP=0                     2785.00           0.08      34622.16  **
                                                        ********************************************************************************************
FST info: dumpfile sim_build/mk_non_restoring_divider.fst opened for output.
make[1]: Leaving directory '/home/vsysuser/workspace/hackathon-desanv01/level3/mbox_verif'
