rm -f results.xml
"make" -f Makefile results.xml
make[1]: Entering directory '/home/vsysuser/workspace/hackathon-desanv01/level3/mbox_verif'
mkdir -p sim_build
/usr/bin/iverilog -o sim_build/sim.vvp -s mk_non_restoring_divider -g2012 -f sim_build/cmds.f -s cocotb_iverilog_dump  /home/vsysuser/workspace/hackathon-desanv01/level3/mbox_verif/../mbox_design/verilog/BRAM2BELoad.v /home/vsysuser/workspace/hackathon-desanv01/level3/mbox_verif/../mbox_design/verilog/ClockInverter.v /home/vsysuser/workspace/hackathon-desanv01/level3/mbox_verif/../mbox_design/verilog/ConstrainedRandom.v /home/vsysuser/workspace/hackathon-desanv01/level3/mbox_verif/../mbox_design/verilog/FIFO1.v /home/vsysuser/workspace/hackathon-desanv01/level3/mbox_verif/../mbox_design/verilog/FIFO10.v /home/vsysuser/workspace/hackathon-desanv01/level3/mbox_verif/../mbox_design/verilog/FIFO2.v /home/vsysuser/workspace/hackathon-desanv01/level3/mbox_verif/../mbox_design/verilog/FIFO20.v /home/vsysuser/workspace/hackathon-desanv01/level3/mbox_verif/../mbox_design/verilog/MakeClock.v /home/vsysuser/workspace/hackathon-desanv01/level3/mbox_verif/../mbox_design/verilog/MakeReset0.v /home/vsysuser/workspace/hackathon-desanv01/level3/mbox_verif/../mbox_design/verilog/ResetEither.v /home/vsysuser/workspace/hackathon-desanv01/level3/mbox_verif/../mbox_design/verilog/SyncFIFO1.v /home/vsysuser/workspace/hackathon-desanv01/level3/mbox_verif/../mbox_design/verilog/SyncReset0.v /home/vsysuser/workspace/hackathon-desanv01/level3/mbox_verif/../mbox_design/verilog/mk_non_restoring_divider.v sim_build/cocotb_iverilog_dump.v
rm -f results.xml
COCOTB_TEST_MODULES=test_divider COCOTB_TESTCASE= COCOTB_TEST_FILTER=.*test_bug_signed_div_negative_dividend$ COCOTB_TOPLEVEL=mk_non_restoring_divider TOPLEVEL_LANG=verilog \
         /usr/bin/vvp -M /home/vsysuser/.pyenv/versions/3.10.10/envs/uptickpro_rv/lib/python3.10/site-packages/cocotb/libs -m libcocotbvpi_icarus   sim_build/sim.vvp -fst  
     -.--ns INFO     gpi                                ..mbed/gpi_embed.cpp:93   in _embed_init_python              Using Python 3.10.14 interpreter at /home/vsysuser/.pyenv/versions/3.10.10/envs/uptickpro_rv/bin/python
     -.--ns INFO     gpi                                ../gpi/GpiCommon.cpp:79   in gpi_print_registered_impl       VPI registered
     0.00ns INFO     cocotb                             Running on Icarus Verilog version 12.0 (stable)
     0.00ns INFO     cocotb                             Seeding Python random module with 1784596576
     0.00ns INFO     cocotb                             Initialized cocotb v2.0.1 from /home/vsysuser/.pyenv/versions/3.10.10/envs/uptickpro_rv/lib/python3.10/site-packages/cocotb
     0.00ns INFO     cocotb                             Running tests
     0.00ns INFO     cocotb.regression                  running test_divider.test_bug_signed_div_negative_dividend (1/1)
                                                            Expose the missing dividend sign in signed quotient polarity.
   715.00ns INFO     cocotb.mk_non_restoring_divider    signed_div_negative_positive dividend=0xffffffffffffffec divisor=0x0000000000000003 observed=0x0000000000000006 expected=0xfffffffffffffffa
   715.00ns WARNING  ..bug_signed_div_negative_dividend signed_div_negative_positive: DUT=0x0000000000000006, model=0xfffffffffffffffa
                                                        assert 6 == 18446744073709551610
                                                        Traceback (most recent call last):
                                                          File "/home/vsysuser/workspace/hackathon-desanv01/level3/mbox_verif/test_divider.py", line 112, in test_bug_signed_div_negative_dividend
                                                            await check_case(dut, "signed_div_negative_positive", -20, 3, DIV)
                                                          File "/home/vsysuser/workspace/hackathon-desanv01/level3/mbox_verif/test_divider.py", line 82, in check_case
                                                            assert observed == expected, (
                                                        AssertionError: signed_div_negative_positive: DUT=0x0000000000000006, model=0xfffffffffffffffa
                                                        assert 6 == 18446744073709551610
   715.00ns WARNING  cocotb.regression                  test_divider.test_bug_signed_div_negative_dividend failed
   715.00ns INFO     cocotb.regression                  ************************************************************************************************************
                                                        ** TEST                                                STATUS  SIM TIME (ns)  REAL TIME (s)  RATIO (ns/s) **
                                                        ************************************************************************************************************
                                                        ** test_divider.test_bug_signed_div_negative_dividend   FAIL         715.00           0.02      42586.30  **
                                                        ************************************************************************************************************
                                                        ** TESTS=1 PASS=0 FAIL=1 SKIP=0                                      715.00           0.05      13149.38  **
                                                        ************************************************************************************************************
FST info: dumpfile sim_build/mk_non_restoring_divider.fst opened for output.
make[1]: *** [/home/vsysuser/.pyenv/versions/3.10.10/envs/uptickpro_rv/lib/python3.10/site-packages/cocotb_tools/makefiles/simulators/Makefile.icarus:67: results.xml] Error 1
make[1]: Leaving directory '/home/vsysuser/workspace/hackathon-desanv01/level3/mbox_verif'
make: *** [/home/vsysuser/.pyenv/versions/3.10.10/envs/uptickpro_rv/lib/python3.10/site-packages/cocotb_tools/makefiles/Makefile.inc:17: sim] Error 2
